--------------------------------------------------------------------------------
Release 14.7 Trace  (nt64)
Copyright (c) 1995-2013 Xilinx, Inc.  All rights reserved.

D:\Xilinx\14.7\ISE_DS\ISE\bin\nt64\unwrapped\trce.exe -intstyle ise -v 3 -s 3
-n 3 -fastpaths -xml MEMORY_DESIGN.twx MEMORY_DESIGN.ncd -o MEMORY_DESIGN.twr
MEMORY_DESIGN.pcf -ucf Memory_Design_IC.ucf

Design file:              MEMORY_DESIGN.ncd
Physical constraint file: MEMORY_DESIGN.pcf
Device,package,speed:     xc6slx16,csg324,C,-3 (PRODUCTION 1.23 2013-10-13)
Report level:             verbose report

Environment Variable      Effect 
--------------------      ------ 
NONE                      No environment variables were set
--------------------------------------------------------------------------------

INFO:Timing:2698 - No timing constraints found, doing default enumeration.
INFO:Timing:3412 - To improve timing, see the Timing Closure User Guide (UG612).
INFO:Timing:2752 - To get complete path coverage, use the unconstrained paths 
   option. All paths that are not constrained will be reported in the 
   unconstrained paths section(s) of the report.
INFO:Timing:3339 - The clock-to-out numbers in this timing report are based on 
   a 50 Ohm transmission line loading model.  For the details of this model, 
   and for more information on accounting for different loading conditions, 
   please see the device datasheet.



Data Sheet report:
-----------------
All values displayed in nanoseconds (ns)

Setup/Hold to clock Mem_Write
------------+------------+------------+------------+------------+-------------------+--------+
            |Max Setup to|  Process   |Max Hold to |  Process   |                   | Clock  |
Source      | clk (edge) |   Corner   | clk (edge) |   Corner   |Internal Clock(s)  | Phase  |
------------+------------+------------+------------+------------+-------------------+--------+
Sel<0>      |    2.311(R)|      SLOW  |   -1.004(R)|      SLOW  |Mem_Write_IBUF_BUFG|   0.000|
            |    3.269(F)|      SLOW  |   -0.409(F)|      SLOW  |Mem_Write_IBUF_BUFG|   0.000|
Sel<1>      |    2.587(R)|      SLOW  |   -1.020(R)|      SLOW  |Mem_Write_IBUF_BUFG|   0.000|
            |    3.842(F)|      SLOW  |   -1.032(F)|      SLOW  |Mem_Write_IBUF_BUFG|   0.000|
------------+------------+------------+------------+------------+-------------------+--------+

Clock Mem_Write to Pad
------------+-----------------+------------+-----------------+------------+-------------------+--------+
            |Max (slowest) clk|  Process   |Min (fastest) clk|  Process   |                   | Clock  |
Destination |  (edge) to PAD  |   Corner   |  (edge) to PAD  |   Corner   |Internal Clock(s)  | Phase  |
------------+-----------------+------------+-----------------+------------+-------------------+--------+
LED<0>      |         5.920(R)|      SLOW  |         2.939(R)|      FAST  |Mem_Write_IBUF_BUFG|   0.000|
LED<1>      |         5.920(R)|      SLOW  |         2.939(R)|      FAST  |Mem_Write_IBUF_BUFG|   0.000|
LED<2>      |         5.918(R)|      SLOW  |         2.937(R)|      FAST  |Mem_Write_IBUF_BUFG|   0.000|
LED<3>      |         5.918(R)|      SLOW  |         2.937(R)|      FAST  |Mem_Write_IBUF_BUFG|   0.000|
LED<4>      |         5.846(R)|      SLOW  |         2.865(R)|      FAST  |Mem_Write_IBUF_BUFG|   0.000|
LED<5>      |         5.846(R)|      SLOW  |         2.865(R)|      FAST  |Mem_Write_IBUF_BUFG|   0.000|
LED<6>      |         5.897(R)|      SLOW  |         2.916(R)|      FAST  |Mem_Write_IBUF_BUFG|   0.000|
LED<7>      |         5.897(R)|      SLOW  |         2.916(R)|      FAST  |Mem_Write_IBUF_BUFG|   0.000|
------------+-----------------+------------+-----------------+------------+-------------------+--------+

Clock to Setup on destination clock Clk_100M
---------------+---------+---------+---------+---------+
               | Src:Rise| Src:Fall| Src:Rise| Src:Fall|
Source Clock   |Dest:Rise|Dest:Rise|Dest:Fall|Dest:Fall|
---------------+---------+---------+---------+---------+
Clk_100M       |    3.990|         |         |         |
---------------+---------+---------+---------+---------+


Analysis completed Sat Jun 09 10:37:55 2018 
--------------------------------------------------------------------------------

Trace Settings:
-------------------------
Trace Settings 

Peak Memory Usage: 4576 MB



