Release 14.7 - xst P.20131013 (nt64)
Copyright (c) 1995-2013 Xilinx, Inc.  All rights reserved.
--> Parameter TMPDIR set to xst/projnav.tmp


Total REAL time to Xst completion: 0.00 secs
Total CPU time to Xst completion: 0.12 secs
 
--> Parameter xsthdpdir set to xst


Total REAL time to Xst completion: 0.00 secs
Total CPU time to Xst completion: 0.12 secs
 
--> Reading design: AHEAD_ADDER.prj

TABLE OF CONTENTS
  1) Synthesis Options Summary
  2) HDL Parsing
  3) HDL Elaboration
  4) HDL Synthesis
       4.1) HDL Synthesis Report
  5) Advanced HDL Synthesis
       5.1) Advanced HDL Synthesis Report
  6) Low Level Synthesis
  7) Partition Report
  8) Design Summary
       8.1) Primitive and Black Box Usage
       8.2) Device utilization summary
       8.3) Partition Resource Summary
       8.4) Timing Report
            8.4.1) Clock Information
            8.4.2) Asynchronous Control Signals Information
            8.4.3) Timing Summary
            8.4.4) Timing Details
            8.4.5) Cross Clock Domains Report


=========================================================================
*                      Synthesis Options Summary                        *
=========================================================================
---- Source Parameters
Input File Name                    : "AHEAD_ADDER.prj"
Ignore Synthesis Constraint File   : NO

---- Target Parameters
Output File Name                   : "AHEAD_ADDER"
Output Format                      : NGC
Target Device                      : xc6slx16-3-csg324

---- Source Options
Top Module Name                    : AHEAD_ADDER
Automatic FSM Extraction           : YES
FSM Encoding Algorithm             : Auto
Safe Implementation                : No
FSM Style                          : LUT
RAM Extraction                     : Yes
RAM Style                          : Auto
ROM Extraction                     : Yes
Shift Register Extraction          : YES
ROM Style                          : Auto
Resource Sharing                   : YES
Asynchronous To Synchronous        : NO
Shift Register Minimum Size        : 2
Use DSP Block                      : Auto
Automatic Register Balancing       : No

---- Target Options
LUT Combining                      : Auto
Reduce Control Sets                : Auto
Add IO Buffers                     : YES
Global Maximum Fanout              : 100000
Add Generic Clock Buffer(BUFG)     : 16
Register Duplication               : YES
Optimize Instantiated Primitives   : NO
Use Clock Enable                   : Auto
Use Synchronous Set                : Auto
Use Synchronous Reset              : Auto
Pack IO Registers into IOBs        : Auto
Equivalent register Removal        : YES

---- General Options
Optimization Goal                  : Speed
Optimization Effort                : 1
Power Reduction                    : NO
Keep Hierarchy                     : No
Netlist Hierarchy                  : As_Optimized
RTL Output                         : Yes
Global Optimization                : AllClockNets
Read Cores                         : YES
Write Timing Constraints           : NO
Cross Clock Analysis               : NO
Hierarchy Separator                : /
Bus Delimiter                      : <>
Case Specifier                     : Maintain
Slice Utilization Ratio            : 100
BRAM Utilization Ratio             : 100
DSP48 Utilization Ratio            : 100
Auto BRAM Packing                  : NO
Slice Utilization Ratio Delta      : 5

=========================================================================


=========================================================================
*                          HDL Parsing                                  *
=========================================================================
Analyzing Verilog file "D:\workplace\verilog\E2-AHEAD_ADDER\FULL_ADDER.v" into library work
Parsing module <FULL_ADDER>.
Analyzing Verilog file "D:\workplace\verilog\E2-AHEAD_ADDER\AHEAD_ADDER.v" into library work
Parsing module <AHEAD_ADDER>.

=========================================================================
*                            HDL Elaboration                            *
=========================================================================

Elaborating module <AHEAD_ADDER>.

Elaborating module <FULL_ADDER>.

=========================================================================
*                           HDL Synthesis                               *
=========================================================================

Synthesizing Unit <AHEAD_ADDER>.
    Related source file is "D:\workplace\verilog\E2-AHEAD_ADDER\AHEAD_ADDER.v".
INFO:Xst:3210 - "D:\workplace\verilog\E2-AHEAD_ADDER\AHEAD_ADDER.v" line 44: Output port <FA_C_1> of the instance <FA_0> is unconnected or connected to loadless signal.
INFO:Xst:3210 - "D:\workplace\verilog\E2-AHEAD_ADDER\AHEAD_ADDER.v" line 46: Output port <FA_C_1> of the instance <FA_1> is unconnected or connected to loadless signal.
INFO:Xst:3210 - "D:\workplace\verilog\E2-AHEAD_ADDER\AHEAD_ADDER.v" line 48: Output port <FA_C_1> of the instance <FA_2> is unconnected or connected to loadless signal.
INFO:Xst:3210 - "D:\workplace\verilog\E2-AHEAD_ADDER\AHEAD_ADDER.v" line 50: Output port <FA_C_1> of the instance <FA_3> is unconnected or connected to loadless signal.
    Summary:
	no macro.
Unit <AHEAD_ADDER> synthesized.

Synthesizing Unit <FULL_ADDER>.
    Related source file is "D:\workplace\verilog\E2-AHEAD_ADDER\FULL_ADDER.v".
    Found 2-bit adder for signal <n0009> created at line 29.
    Found 2-bit adder for signal <n0003> created at line 29.
    Summary:
	inferred   2 Adder/Subtractor(s).
Unit <FULL_ADDER> synthesized.

=========================================================================
HDL Synthesis Report

Macro Statistics
# Adders/Subtractors                                   : 8
 2-bit adder                                           : 8

=========================================================================

=========================================================================
*                       Advanced HDL Synthesis                          *
=========================================================================


=========================================================================
Advanced HDL Synthesis Report

Macro Statistics
# Adders/Subtractors                                   : 4
 2-bit adder carry in                                  : 4

=========================================================================

=========================================================================
*                         Low Level Synthesis                           *
=========================================================================

Optimizing unit <AHEAD_ADDER> ...

Mapping all equations...
Building and optimizing final netlist ...
Found area constraint ratio of 100 (+ 5) on block AHEAD_ADDER, actual ratio is 0.

Final Macro Processing ...

=========================================================================
Final Register Report

Found no macro
=========================================================================

=========================================================================
*                           Partition Report                            *
=========================================================================

Partition Implementation Status
-------------------------------

  No Partitions were found in this design.

-------------------------------

=========================================================================
*                            Design Summary                             *
=========================================================================

Top Level Output File Name         : AHEAD_ADDER.ngc

Primitive and Black Box Usage:
------------------------------
# BELS                             : 8
#      LUT3                        : 2
#      LUT5                        : 6
# IO Buffers                       : 14
#      IBUF                        : 9
#      OBUF                        : 5

Device utilization summary:
---------------------------

Selected Device : 6slx16csg324-3 


Slice Logic Utilization: 
 Number of Slice LUTs:                    8  out of   9112     0%  
    Number used as Logic:                 8  out of   9112     0%  

Slice Logic Distribution: 
 Number of LUT Flip Flop pairs used:      8
   Number with an unused Flip Flop:       8  out of      8   100%  
   Number with an unused LUT:             0  out of      8     0%  
   Number of fully used LUT-FF pairs:     0  out of      8     0%  
   Number of unique control sets:         0

IO Utilization: 
 Number of IOs:                          14
 Number of bonded IOBs:                  14  out of    232     6%  

Specific Feature Utilization:

---------------------------
Partition Resource Summary:
---------------------------

  No Partitions were found in this design.

---------------------------


=========================================================================
Timing Report

NOTE: THESE TIMING NUMBERS ARE ONLY A SYNTHESIS ESTIMATE.
      FOR ACCURATE TIMING INFORMATION PLEASE REFER TO THE TRACE REPORT
      GENERATED AFTER PLACE-and-ROUTE.

Clock Information:
------------------
No clock signals found in this design

Asynchronous Control Signals Information:
----------------------------------------
No asynchronous control signals found in this design

Timing Summary:
---------------
Speed Grade: -3

   Minimum period: No path found
   Minimum input arrival time before clock: No path found
   Maximum output required time after clock: No path found
   Maximum combinational path delay: 6.489ns

Timing Details:
---------------
All values displayed in nanoseconds (ns)

=========================================================================
Timing constraint: Default path analysis
  Total number of paths / destination ports: 33 / 5
-------------------------------------------------------------------------
Delay:               6.489ns (Levels of Logic = 4)
  Source:            AA_A<1> (PAD)
  Destination:       AA_F<3> (PAD)

  Data Path: AA_A<1> to AA_F<3>
                                Gate     Net
    Cell:in->out      fanout   Delay   Delay  Logical Name (Net Name)
    ----------------------------------------  ------------
     IBUF:I->O             4   1.222   1.028  AA_A_1_IBUF (AA_A_1_IBUF)
     LUT5:I0->O            1   0.203   0.684  AA_C_2<1>1 (AA_C_2)
     LUT5:I3->O            1   0.203   0.579  FA_3/Madd_n0003_Madd_xor<0>11 (AA_F_3_OBUF)
     OBUF:I->O                 2.571          AA_F_3_OBUF (AA_F<3>)
    ----------------------------------------
    Total                      6.489ns (4.199ns logic, 2.290ns route)
                                       (64.7% logic, 35.3% route)

=========================================================================

Cross Clock Domains Report:
--------------------------

=========================================================================


Total REAL time to Xst completion: 7.00 secs
Total CPU time to Xst completion: 6.98 secs
 
--> 

Total memory usage is 4523160 kilobytes

Number of errors   :    0 (   0 filtered)
Number of warnings :    0 (   0 filtered)
Number of infos    :    4 (   0 filtered)

