--------------------------------------------------------------------------------
Release 14.7 Trace  (nt64)
Copyright (c) 1995-2013 Xilinx, Inc.  All rights reserved.

D:\Xilinx\14.7\ISE_DS\ISE\bin\nt64\unwrapped\trce.exe -intstyle ise -v 3 -s 3
-n 3 -fastpaths -xml MULTI_FUNC_ALU_UNIT.twx MULTI_FUNC_ALU_UNIT.ncd -o
MULTI_FUNC_ALU_UNIT.twr MULTI_FUNC_ALU_UNIT.pcf -ucf MULTI_FUNC_ALU_IC.ucf

Design file:              MULTI_FUNC_ALU_UNIT.ncd
Physical constraint file: MULTI_FUNC_ALU_UNIT.pcf
Device,package,speed:     xc6slx16,csg324,C,-3 (PRODUCTION 1.23 2013-10-13)
Report level:             verbose report

Environment Variable      Effect 
--------------------      ------ 
NONE                      No environment variables were set
--------------------------------------------------------------------------------

INFO:Timing:2698 - No timing constraints found, doing default enumeration.
INFO:Timing:3412 - To improve timing, see the Timing Closure User Guide (UG612).
INFO:Timing:2752 - To get complete path coverage, use the unconstrained paths 
   option. All paths that are not constrained will be reported in the 
   unconstrained paths section(s) of the report.
INFO:Timing:3339 - The clock-to-out numbers in this timing report are based on 
   a 50 Ohm transmission line loading model.  For the details of this model, 
   and for more information on accounting for different loading conditions, 
   please see the device datasheet.



Data Sheet report:
-----------------
All values displayed in nanoseconds (ns)

Setup/Hold to clock MULTI_FUNC_ALU_UNIT_OP_xi<1>
---------------------------------+------------+------------+------------+------------+----------------------------------------------+--------+
                                 |Max Setup to|  Process   |Max Hold to |  Process   |                                              | Clock  |
Source                           | clk (edge) |   Corner   | clk (edge) |   Corner   |Internal Clock(s)                             | Phase  |
---------------------------------+------------+------------+------------+------------+----------------------------------------------+--------+
MULTI_FUNC_ALU_UNIT_OP_xi<0>     |   -0.054(F)|      FAST  |    0.692(F)|      SLOW  |MFA_0/MULTI_FUNC_ALU_OP_xi[2]_GND_5_o_Mux_14_o|   0.000|
MULTI_FUNC_ALU_UNIT_data_SW_xi<0>|    3.099(F)|      SLOW  |    0.122(F)|      SLOW  |MFA_0/MULTI_FUNC_ALU_OP_xi[2]_GND_5_o_Mux_14_o|   0.000|
MULTI_FUNC_ALU_UNIT_data_SW_xi<1>|    3.142(F)|      SLOW  |    0.022(F)|      FAST  |MFA_0/MULTI_FUNC_ALU_OP_xi[2]_GND_5_o_Mux_14_o|   0.000|
MULTI_FUNC_ALU_UNIT_data_SW_xi<2>|    3.237(F)|      SLOW  |   -0.017(F)|      FAST  |MFA_0/MULTI_FUNC_ALU_OP_xi[2]_GND_5_o_Mux_14_o|   0.000|
---------------------------------+------------+------------+------------+------------+----------------------------------------------+--------+

Setup/Hold to clock MULTI_FUNC_ALU_UNIT_OP_xi<2>
---------------------------------+------------+------------+------------+------------+----------------------------------------------+--------+
                                 |Max Setup to|  Process   |Max Hold to |  Process   |                                              | Clock  |
Source                           | clk (edge) |   Corner   | clk (edge) |   Corner   |Internal Clock(s)                             | Phase  |
---------------------------------+------------+------------+------------+------------+----------------------------------------------+--------+
MULTI_FUNC_ALU_UNIT_OP_xi<0>     |   -0.305(F)|      FAST  |    1.089(F)|      SLOW  |MFA_0/MULTI_FUNC_ALU_OP_xi[2]_GND_5_o_Mux_14_o|   0.000|
MULTI_FUNC_ALU_UNIT_data_SW_xi<0>|    2.714(F)|      SLOW  |    0.519(F)|      SLOW  |MFA_0/MULTI_FUNC_ALU_OP_xi[2]_GND_5_o_Mux_14_o|   0.000|
MULTI_FUNC_ALU_UNIT_data_SW_xi<1>|    2.757(F)|      SLOW  |    0.359(F)|      SLOW  |MFA_0/MULTI_FUNC_ALU_OP_xi[2]_GND_5_o_Mux_14_o|   0.000|
MULTI_FUNC_ALU_UNIT_data_SW_xi<2>|    2.852(F)|      SLOW  |    0.315(F)|      SLOW  |MFA_0/MULTI_FUNC_ALU_OP_xi[2]_GND_5_o_Mux_14_o|   0.000|
---------------------------------+------------+------------+------------+------------+----------------------------------------------+--------+

Clock MULTI_FUNC_ALU_UNIT_OP_xi<1> to Pad
-----------------------------+-----------------+------------+-----------------+------------+----------------------------------------------+--------+
                             |Max (slowest) clk|  Process   |Min (fastest) clk|  Process   |                                              | Clock  |
Destination                  |  (edge) to PAD  |   Corner   |  (edge) to PAD  |   Corner   |Internal Clock(s)                             | Phase  |
-----------------------------+-----------------+------------+-----------------+------------+----------------------------------------------+--------+
MULTI_FUNC_ALU_UNIT_LED_xo<0>|        10.124(F)|      SLOW  |         5.954(F)|      FAST  |MFA_0/MULTI_FUNC_ALU_OP_xi[2]_GND_5_o_Mux_14_o|   0.000|
-----------------------------+-----------------+------------+-----------------+------------+----------------------------------------------+--------+

Clock MULTI_FUNC_ALU_UNIT_OP_xi<2> to Pad
-----------------------------+-----------------+------------+-----------------+------------+----------------------------------------------+--------+
                             |Max (slowest) clk|  Process   |Min (fastest) clk|  Process   |                                              | Clock  |
Destination                  |  (edge) to PAD  |   Corner   |  (edge) to PAD  |   Corner   |Internal Clock(s)                             | Phase  |
-----------------------------+-----------------+------------+-----------------+------------+----------------------------------------------+--------+
MULTI_FUNC_ALU_UNIT_LED_xo<0>|        10.521(F)|      SLOW  |         6.205(F)|      FAST  |MFA_0/MULTI_FUNC_ALU_OP_xi[2]_GND_5_o_Mux_14_o|   0.000|
-----------------------------+-----------------+------------+-----------------+------------+----------------------------------------------+--------+

Pad to Pad
---------------------------------+-----------------------------+---------+
Source Pad                       |Destination Pad              |  Delay  |
---------------------------------+-----------------------------+---------+
MULTI_FUNC_ALU_UNIT_LED_SW_xi<0> |MULTI_FUNC_ALU_UNIT_LED_xo<0>|    8.580|
MULTI_FUNC_ALU_UNIT_LED_SW_xi<0> |MULTI_FUNC_ALU_UNIT_LED_xo<1>|    9.249|
MULTI_FUNC_ALU_UNIT_LED_SW_xi<0> |MULTI_FUNC_ALU_UNIT_LED_xo<2>|    8.894|
MULTI_FUNC_ALU_UNIT_LED_SW_xi<0> |MULTI_FUNC_ALU_UNIT_LED_xo<3>|    8.584|
MULTI_FUNC_ALU_UNIT_LED_SW_xi<0> |MULTI_FUNC_ALU_UNIT_LED_xo<4>|    7.762|
MULTI_FUNC_ALU_UNIT_LED_SW_xi<0> |MULTI_FUNC_ALU_UNIT_LED_xo<5>|    7.187|
MULTI_FUNC_ALU_UNIT_LED_SW_xi<0> |MULTI_FUNC_ALU_UNIT_LED_xo<6>|    7.419|
MULTI_FUNC_ALU_UNIT_LED_SW_xi<0> |MULTI_FUNC_ALU_UNIT_LED_xo<7>|    7.786|
MULTI_FUNC_ALU_UNIT_LED_SW_xi<1> |MULTI_FUNC_ALU_UNIT_LED_xo<0>|    8.349|
MULTI_FUNC_ALU_UNIT_LED_SW_xi<1> |MULTI_FUNC_ALU_UNIT_LED_xo<1>|    8.352|
MULTI_FUNC_ALU_UNIT_LED_SW_xi<1> |MULTI_FUNC_ALU_UNIT_LED_xo<2>|    8.066|
MULTI_FUNC_ALU_UNIT_LED_SW_xi<1> |MULTI_FUNC_ALU_UNIT_LED_xo<3>|    7.865|
MULTI_FUNC_ALU_UNIT_LED_SW_xi<1> |MULTI_FUNC_ALU_UNIT_LED_xo<4>|    8.224|
MULTI_FUNC_ALU_UNIT_LED_SW_xi<1> |MULTI_FUNC_ALU_UNIT_LED_xo<5>|    8.318|
MULTI_FUNC_ALU_UNIT_LED_SW_xi<1> |MULTI_FUNC_ALU_UNIT_LED_xo<6>|    8.050|
MULTI_FUNC_ALU_UNIT_LED_SW_xi<1> |MULTI_FUNC_ALU_UNIT_LED_xo<7>|    8.123|
MULTI_FUNC_ALU_UNIT_LED_SW_xi<2> |MULTI_FUNC_ALU_UNIT_LED_xo<0>|   11.493|
MULTI_FUNC_ALU_UNIT_LED_SW_xi<2> |MULTI_FUNC_ALU_UNIT_LED_xo<1>|   11.684|
MULTI_FUNC_ALU_UNIT_LED_SW_xi<2> |MULTI_FUNC_ALU_UNIT_LED_xo<2>|   11.145|
MULTI_FUNC_ALU_UNIT_LED_SW_xi<2> |MULTI_FUNC_ALU_UNIT_LED_xo<3>|   11.755|
MULTI_FUNC_ALU_UNIT_LED_SW_xi<2> |MULTI_FUNC_ALU_UNIT_LED_xo<4>|   11.121|
MULTI_FUNC_ALU_UNIT_LED_SW_xi<2> |MULTI_FUNC_ALU_UNIT_LED_xo<5>|   11.160|
MULTI_FUNC_ALU_UNIT_LED_SW_xi<2> |MULTI_FUNC_ALU_UNIT_LED_xo<6>|   11.024|
MULTI_FUNC_ALU_UNIT_LED_SW_xi<2> |MULTI_FUNC_ALU_UNIT_LED_xo<7>|   11.932|
MULTI_FUNC_ALU_UNIT_OP_xi<0>     |MULTI_FUNC_ALU_UNIT_LED_xo<0>|   11.053|
MULTI_FUNC_ALU_UNIT_OP_xi<0>     |MULTI_FUNC_ALU_UNIT_LED_xo<1>|   12.081|
MULTI_FUNC_ALU_UNIT_OP_xi<0>     |MULTI_FUNC_ALU_UNIT_LED_xo<2>|   11.869|
MULTI_FUNC_ALU_UNIT_OP_xi<0>     |MULTI_FUNC_ALU_UNIT_LED_xo<3>|   11.489|
MULTI_FUNC_ALU_UNIT_OP_xi<0>     |MULTI_FUNC_ALU_UNIT_LED_xo<4>|   11.192|
MULTI_FUNC_ALU_UNIT_OP_xi<0>     |MULTI_FUNC_ALU_UNIT_LED_xo<5>|   11.896|
MULTI_FUNC_ALU_UNIT_OP_xi<0>     |MULTI_FUNC_ALU_UNIT_LED_xo<6>|   11.384|
MULTI_FUNC_ALU_UNIT_OP_xi<0>     |MULTI_FUNC_ALU_UNIT_LED_xo<7>|   12.774|
MULTI_FUNC_ALU_UNIT_OP_xi<1>     |MULTI_FUNC_ALU_UNIT_LED_xo<0>|   10.584|
MULTI_FUNC_ALU_UNIT_OP_xi<1>     |MULTI_FUNC_ALU_UNIT_LED_xo<1>|   11.658|
MULTI_FUNC_ALU_UNIT_OP_xi<1>     |MULTI_FUNC_ALU_UNIT_LED_xo<2>|   11.682|
MULTI_FUNC_ALU_UNIT_OP_xi<1>     |MULTI_FUNC_ALU_UNIT_LED_xo<3>|   10.716|
MULTI_FUNC_ALU_UNIT_OP_xi<1>     |MULTI_FUNC_ALU_UNIT_LED_xo<4>|   10.908|
MULTI_FUNC_ALU_UNIT_OP_xi<1>     |MULTI_FUNC_ALU_UNIT_LED_xo<5>|   11.123|
MULTI_FUNC_ALU_UNIT_OP_xi<1>     |MULTI_FUNC_ALU_UNIT_LED_xo<6>|   10.866|
MULTI_FUNC_ALU_UNIT_OP_xi<1>     |MULTI_FUNC_ALU_UNIT_LED_xo<7>|   12.001|
MULTI_FUNC_ALU_UNIT_OP_xi<2>     |MULTI_FUNC_ALU_UNIT_LED_xo<0>|   11.362|
MULTI_FUNC_ALU_UNIT_OP_xi<2>     |MULTI_FUNC_ALU_UNIT_LED_xo<1>|   12.321|
MULTI_FUNC_ALU_UNIT_OP_xi<2>     |MULTI_FUNC_ALU_UNIT_LED_xo<2>|   12.109|
MULTI_FUNC_ALU_UNIT_OP_xi<2>     |MULTI_FUNC_ALU_UNIT_LED_xo<3>|   11.729|
MULTI_FUNC_ALU_UNIT_OP_xi<2>     |MULTI_FUNC_ALU_UNIT_LED_xo<4>|   11.432|
MULTI_FUNC_ALU_UNIT_OP_xi<2>     |MULTI_FUNC_ALU_UNIT_LED_xo<5>|   12.136|
MULTI_FUNC_ALU_UNIT_OP_xi<2>     |MULTI_FUNC_ALU_UNIT_LED_xo<6>|   11.624|
MULTI_FUNC_ALU_UNIT_OP_xi<2>     |MULTI_FUNC_ALU_UNIT_LED_xo<7>|   13.014|
MULTI_FUNC_ALU_UNIT_data_SW_xi<0>|MULTI_FUNC_ALU_UNIT_LED_xo<0>|   13.385|
MULTI_FUNC_ALU_UNIT_data_SW_xi<0>|MULTI_FUNC_ALU_UNIT_LED_xo<1>|   13.346|
MULTI_FUNC_ALU_UNIT_data_SW_xi<0>|MULTI_FUNC_ALU_UNIT_LED_xo<2>|   13.107|
MULTI_FUNC_ALU_UNIT_data_SW_xi<0>|MULTI_FUNC_ALU_UNIT_LED_xo<3>|   12.338|
MULTI_FUNC_ALU_UNIT_data_SW_xi<0>|MULTI_FUNC_ALU_UNIT_LED_xo<4>|   12.896|
MULTI_FUNC_ALU_UNIT_data_SW_xi<0>|MULTI_FUNC_ALU_UNIT_LED_xo<5>|   13.077|
MULTI_FUNC_ALU_UNIT_data_SW_xi<0>|MULTI_FUNC_ALU_UNIT_LED_xo<6>|   12.984|
MULTI_FUNC_ALU_UNIT_data_SW_xi<0>|MULTI_FUNC_ALU_UNIT_LED_xo<7>|   14.224|
MULTI_FUNC_ALU_UNIT_data_SW_xi<1>|MULTI_FUNC_ALU_UNIT_LED_xo<0>|   13.502|
MULTI_FUNC_ALU_UNIT_data_SW_xi<1>|MULTI_FUNC_ALU_UNIT_LED_xo<1>|   13.320|
MULTI_FUNC_ALU_UNIT_data_SW_xi<1>|MULTI_FUNC_ALU_UNIT_LED_xo<2>|   13.150|
MULTI_FUNC_ALU_UNIT_data_SW_xi<1>|MULTI_FUNC_ALU_UNIT_LED_xo<3>|   12.312|
MULTI_FUNC_ALU_UNIT_data_SW_xi<1>|MULTI_FUNC_ALU_UNIT_LED_xo<4>|   12.870|
MULTI_FUNC_ALU_UNIT_data_SW_xi<1>|MULTI_FUNC_ALU_UNIT_LED_xo<5>|   13.120|
MULTI_FUNC_ALU_UNIT_data_SW_xi<1>|MULTI_FUNC_ALU_UNIT_LED_xo<6>|   12.958|
MULTI_FUNC_ALU_UNIT_data_SW_xi<1>|MULTI_FUNC_ALU_UNIT_LED_xo<7>|   14.198|
MULTI_FUNC_ALU_UNIT_data_SW_xi<2>|MULTI_FUNC_ALU_UNIT_LED_xo<0>|   13.724|
MULTI_FUNC_ALU_UNIT_data_SW_xi<2>|MULTI_FUNC_ALU_UNIT_LED_xo<1>|   13.487|
MULTI_FUNC_ALU_UNIT_data_SW_xi<2>|MULTI_FUNC_ALU_UNIT_LED_xo<2>|   13.220|
MULTI_FUNC_ALU_UNIT_data_SW_xi<2>|MULTI_FUNC_ALU_UNIT_LED_xo<3>|   12.479|
MULTI_FUNC_ALU_UNIT_data_SW_xi<2>|MULTI_FUNC_ALU_UNIT_LED_xo<4>|   13.037|
MULTI_FUNC_ALU_UNIT_data_SW_xi<2>|MULTI_FUNC_ALU_UNIT_LED_xo<5>|   13.147|
MULTI_FUNC_ALU_UNIT_data_SW_xi<2>|MULTI_FUNC_ALU_UNIT_LED_xo<6>|   13.125|
MULTI_FUNC_ALU_UNIT_data_SW_xi<2>|MULTI_FUNC_ALU_UNIT_LED_xo<7>|   14.365|
---------------------------------+-----------------------------+---------+


Analysis completed Sat May 19 11:56:22 2018 
--------------------------------------------------------------------------------

Trace Settings:
-------------------------
Trace Settings 

Peak Memory Usage: 4575 MB



