--------------------------------------------------------------------------------
Release 14.7 Trace  (nt64)
Copyright (c) 1995-2013 Xilinx, Inc.  All rights reserved.

D:\Xilinx\14.7\ISE_DS\ISE\bin\nt64\unwrapped\trce.exe -intstyle ise -v 3 -s 3
-n 3 -fastpaths -xml MULTI_FUNC_ALU.twx MULTI_FUNC_ALU.ncd -o
MULTI_FUNC_ALU.twr MULTI_FUNC_ALU.pcf -ucf MULIT_FUNC_ALU_IC.ucf

Design file:              MULTI_FUNC_ALU.ncd
Physical constraint file: MULTI_FUNC_ALU.pcf
Device,package,speed:     xc6slx16,csg324,C,-3 (PRODUCTION 1.23 2013-10-13)
Report level:             verbose report

Environment Variable      Effect 
--------------------      ------ 
NONE                      No environment variables were set
--------------------------------------------------------------------------------

INFO:Timing:2698 - No timing constraints found, doing default enumeration.
INFO:Timing:3412 - To improve timing, see the Timing Closure User Guide (UG612).
INFO:Timing:2752 - To get complete path coverage, use the unconstrained paths 
   option. All paths that are not constrained will be reported in the 
   unconstrained paths section(s) of the report.
INFO:Timing:3339 - The clock-to-out numbers in this timing report are based on 
   a 50 Ohm transmission line loading model.  For the details of this model, 
   and for more information on accounting for different loading conditions, 
   please see the device datasheet.



Data Sheet report:
-----------------
All values displayed in nanoseconds (ns)

Setup/Hold to clock ALU_OP<1>
--------------+------------+------------+------------+------------+--------------------------+--------+
              |Max Setup to|  Process   |Max Hold to |  Process   |                          | Clock  |
Source        | clk (edge) |   Corner   | clk (edge) |   Corner   |Internal Clock(s)         | Phase  |
--------------+------------+------------+------------+------------+--------------------------+--------+
ALU_OP<0>     |    0.021(F)|      FAST  |    0.443(F)|      SLOW  |ALU_OP[2]_GND_3_o_Mux_16_o|   0.000|
ALU_data_SW<0>|   -0.046(F)|      FAST  |    0.533(F)|      SLOW  |ALU_OP[2]_GND_3_o_Mux_16_o|   0.000|
ALU_data_SW<1>|   -0.037(F)|      FAST  |    0.522(F)|      SLOW  |ALU_OP[2]_GND_3_o_Mux_16_o|   0.000|
ALU_data_SW<2>|    0.337(F)|      SLOW  |    0.129(F)|      SLOW  |ALU_OP[2]_GND_3_o_Mux_16_o|   0.000|
--------------+------------+------------+------------+------------+--------------------------+--------+

Setup/Hold to clock ALU_OP<2>
--------------+------------+------------+------------+------------+--------------------------+--------+
              |Max Setup to|  Process   |Max Hold to |  Process   |                          | Clock  |
Source        | clk (edge) |   Corner   | clk (edge) |   Corner   |Internal Clock(s)         | Phase  |
--------------+------------+------------+------------+------------+--------------------------+--------+
ALU_OP<0>     |    0.040(F)|      SLOW  |    0.410(F)|      SLOW  |ALU_OP[2]_GND_3_o_Mux_16_o|   0.000|
ALU_data_SW<0>|   -0.027(F)|      FAST  |    0.500(F)|      SLOW  |ALU_OP[2]_GND_3_o_Mux_16_o|   0.000|
ALU_data_SW<1>|   -0.018(F)|      FAST  |    0.489(F)|      SLOW  |ALU_OP[2]_GND_3_o_Mux_16_o|   0.000|
ALU_data_SW<2>|    0.369(F)|      SLOW  |    0.096(F)|      SLOW  |ALU_OP[2]_GND_3_o_Mux_16_o|   0.000|
--------------+------------+------------+------------+------------+--------------------------+--------+

Clock ALU_OP<1> to Pad
-----------------+-----------------+------------+-----------------+------------+--------------------------+--------+
                 |Max (slowest) clk|  Process   |Min (fastest) clk|  Process   |                          | Clock  |
Destination      |  (edge) to PAD  |   Corner   |  (edge) to PAD  |   Corner   |Internal Clock(s)         | Phase  |
-----------------+-----------------+------------+-----------------+------------+--------------------------+--------+
ALU_overflow_flag|         8.787(F)|      SLOW  |         5.136(F)|      FAST  |ALU_OP[2]_GND_3_o_Mux_16_o|   0.000|
-----------------+-----------------+------------+-----------------+------------+--------------------------+--------+

Clock ALU_OP<2> to Pad
-----------------+-----------------+------------+-----------------+------------+--------------------------+--------+
                 |Max (slowest) clk|  Process   |Min (fastest) clk|  Process   |                          | Clock  |
Destination      |  (edge) to PAD  |   Corner   |  (edge) to PAD  |   Corner   |Internal Clock(s)         | Phase  |
-----------------+-----------------+------------+-----------------+------------+--------------------------+--------+
ALU_overflow_flag|         8.754(F)|      SLOW  |         5.117(F)|      FAST  |ALU_OP[2]_GND_3_o_Mux_16_o|   0.000|
-----------------+-----------------+------------+-----------------+------------+--------------------------+--------+

Pad to Pad
-----------------+-----------------+---------+
Source Pad       |Destination Pad  |  Delay  |
-----------------+-----------------+---------+
ALU_OP<0>        |ALU_DD_seg<0>    |   10.139|
ALU_OP<0>        |ALU_DD_seg<1>    |   10.021|
ALU_OP<0>        |ALU_overflow_flag|    7.827|
ALU_OP<0>        |ALU_zero_flag    |    7.590|
ALU_OP<1>        |ALU_DD_seg<0>    |    9.912|
ALU_OP<1>        |ALU_DD_seg<1>    |    9.794|
ALU_OP<1>        |ALU_overflow_flag|    8.319|
ALU_OP<1>        |ALU_zero_flag    |    7.691|
ALU_OP<2>        |ALU_DD_seg<0>    |   10.603|
ALU_OP<2>        |ALU_DD_seg<1>    |   10.485|
ALU_OP<2>        |ALU_overflow_flag|    8.632|
ALU_OP<2>        |ALU_zero_flag    |    8.063|
ALU_data_SW<0>   |ALU_DD_seg<0>    |   10.226|
ALU_data_SW<0>   |ALU_DD_seg<1>    |   10.108|
ALU_data_SW<0>   |ALU_overflow_flag|    7.234|
ALU_data_SW<0>   |ALU_zero_flag    |    7.469|
ALU_data_SW<1>   |ALU_DD_seg<0>    |   10.448|
ALU_data_SW<1>   |ALU_DD_seg<1>    |   10.330|
ALU_data_SW<1>   |ALU_overflow_flag|    7.846|
ALU_data_SW<1>   |ALU_zero_flag    |    7.666|
ALU_data_SW<2>   |ALU_DD_seg<0>    |    9.025|
ALU_data_SW<2>   |ALU_DD_seg<1>    |    9.153|
ALU_data_SW<2>   |ALU_overflow_flag|    7.798|
ALU_data_SW<2>   |ALU_zero_flag    |    7.766|
ALU_result_switch|ALU_DD_seg<0>    |    8.316|
ALU_result_switch|ALU_DD_seg<1>    |    8.444|
-----------------+-----------------+---------+


Analysis completed Sat May 05 12:07:59 2018 
--------------------------------------------------------------------------------

Trace Settings:
-------------------------
Trace Settings 

Peak Memory Usage: 4575 MB



